06:13:51 **** Auto Build of configuration Debug for project acquire ****
make all 
'Building file: ../src/acquire.c'
'Invoking: ARM Linux gcc compiler'
arm-xilinx-linux-gnueabi-gcc -Wall -O0 -g3 -c -fmessage-length=0 -MT"src/acquire.o" -MMD -MP -MF"src/acquire.d" -MT"src/acquire.d" -o "src/acquire.o" "../src/acquire.c"
../src/acquire.c: In function 'main':
../src/acquire.c:22:18: warning: assignment makes integer from pointer without a cast
  if (argc>1) ord = argv[1];
                  ^
../src/acquire.c:44:23: warning: "/*" within comment [-Wcomment]
  value = 0b00000011; //*int_trig = 0b00000011;//genero trigger e acquisisco segnale in BRAM
 ^
../src/acquire.c:47:23: warning: "/*" within comment [-Wcomment]
  value = 0b00000010; //*int_trig = 0b00000010;
 ^
../src/acquire.c:52:6: warning: unused variable 'w' [-Wunused-variable]
  int w, ADC0A[5], ADC0B[5];
      ^
../src/acquire.c:17:8: warning: unused variable 'ptr' [-Wunused-variable]
  void *ptr,*pt[5],*ptrt,*ptrt1;
        ^
../src/acquire.c:11:39: warning: variable 'ord' set but not used [-Wunused-but-set-variable]
  int fd, file,i,j, Status, data_trig, ord;
                                       ^
../src/acquire.c:11:10: warning: unused variable 'file' [-Wunused-variable]
  int fd, file,i,j, Status, data_trig, ord;
          ^
'Finished building: ../src/acquire.c'
' '
'Building target: acquire.elf'
'Invoking: ARM Linux gcc linker'
arm-xilinx-linux-gnueabi-gcc  -o "acquire.elf"  ./src/acquire.o   
'Finished building target: acquire.elf'
' '
'Invoking: ARM Linux Print Size'
arm-xilinx-linux-gnueabi-size acquire.elf  |tee "acquire.elf.size"
   text	   data	    bss	    dec	    hex	filename
   3567	    332	      4	   3903	    f3f	acquire.elf
'Finished building: acquire.elf.size'
' '

06:13:52 Build Finished (took 1s.169ms)

