13:19:35 **** Auto Build of configuration Debug for project giovanni_scope ****
make all 
'Building file: ../src/scope.c'
'Invoking: ARM Linux gcc compiler'
arm-xilinx-linux-gnueabi-gcc -Wall -O0 -g3 -c -fmessage-length=0 -MT"src/scope.o" -MMD -MP -MF"src/scope.d" -MT"src/scope.d" -o "src/scope.o" "../src/scope.c"
../src/scope.c:9:5: warning: first argument of 'main' should be 'int' [-Wmain]
 int main(char *argv[])
     ^
../src/scope.c:9:5: warning: 'main' takes only zero or two arguments [-Wmain]
../src/scope.c: In function 'main':
../src/scope.c:27:6: warning: unused variable 'w' [-Wunused-variable]
  int w, ADC0A[5], ADC0B[5];
      ^
../src/scope.c:15:6: warning: unused variable 'value' [-Wunused-variable]
  int value = 0;
      ^
../src/scope.c:14:15: warning: unused variable 'gpio_addr' [-Wunused-variable]
  unsigned int gpio_addr = 0x42000000;
               ^
../src/scope.c:11:10: warning: unused variable 'file' [-Wunused-variable]
  int fd, file,i,j;
          ^
'Finished building: ../src/scope.c'
' '
'Building target: giovanni_scope.elf'
'Invoking: ARM Linux gcc linker'
arm-xilinx-linux-gnueabi-gcc  -o "giovanni_scope.elf"  ./src/scope.o   
'Finished building target: giovanni_scope.elf'
' '
'Invoking: ARM Linux Print Size'
arm-xilinx-linux-gnueabi-size giovanni_scope.elf  |tee "giovanni_scope.elf.size"
   text	   data	    bss	    dec	    hex	filename
   2712	    324	      4	   3040	    be0	giovanni_scope.elf
'Finished building: giovanni_scope.elf.size'
' '

13:19:37 Build Finished (took 2s.165ms)

