06:04:45 **** Build of configuration Debug for project test_periph ****
make all 
'Building file: ../src/init_xiicps_clock_generator.c'
'Invoking: ARM gcc compiler'
arm-xilinx-eabi-gcc -Wall -O0 -g3 -c -fmessage-length=0 -MT"src/init_xiicps_clock_generator.o" -I../../standalone_bsp_1/ps7_cortexa9_0/include -MMD -MP -MF"src/init_xiicps_clock_generator.d" -MT"src/init_xiicps_clock_generator.d" -o "src/init_xiicps_clock_generator.o" "../src/init_xiicps_clock_generator.c"
../src/init_xiicps_clock_generator.c: In function 'IicPsInitJitterCleaner':
../src/init_xiicps_clock_generator.c:211:10: warning: assignment makes integer from pointer without a cast
   Status = IsJitterCleanerReady;
          ^
../src/init_xiicps_clock_generator.c: In function 'ReadJitterCleanerValue':
../src/init_xiicps_clock_generator.c:281:19: warning: assignment makes pointer from integer without a cast
    state_register = UUB_STATE_REGISTER;
                   ^
'Finished building: ../src/init_xiicps_clock_generator.c'
' '
'Building file: ../src/init_xiicps_slow_led.c'
'Invoking: ARM gcc compiler'
arm-xilinx-eabi-gcc -Wall -O0 -g3 -c -fmessage-length=0 -MT"src/init_xiicps_slow_led.o" -I../../standalone_bsp_1/ps7_cortexa9_0/include -MMD -MP -MF"src/init_xiicps_slow_led.d" -MT"src/init_xiicps_slow_led.d" -o "src/init_xiicps_slow_led.o" "../src/init_xiicps_slow_led.c"
../src/init_xiicps_slow_led.c: In function 'TstDacAD5316':
../src/init_xiicps_slow_led.c:97:19: warning: assignment makes pointer from integer without a cast
    state_register = UUB_STATE_REGISTER;
                   ^
'Finished building: ../src/init_xiicps_slow_led.c'
' '
'Building file: ../src/init_xspips_ADC.c'
'Invoking: ARM gcc compiler'
arm-xilinx-eabi-gcc -Wall -O0 -g3 -c -fmessage-length=0 -MT"src/init_xspips_ADC.o" -I../../standalone_bsp_1/ps7_cortexa9_0/include -MMD -MP -MF"src/init_xspips_ADC.d" -MT"src/init_xspips_ADC.d" -o "src/init_xspips_ADC.o" "../src/init_xspips_ADC.c"
../src/init_xspips_ADC.c: In function 'SpiPs_Init_SPI':
../src/init_xspips_ADC.c:151:21: warning: assignment makes pointer from integer without a cast
        registre_adc = XPAR_INTERFACE_UUB_0_S00_AXI_BASEADDR + ( k * 4);
                     ^
../src/init_xspips_ADC.c:169:10: warning: implicit declaration of function 'printf' [-Wimplicit-function-declaration]
          printf( " Delay = %d, data_delay = %X, Channel A = %4X,  Channel B = %4X @read %8X \r\n",j,WriteBuffer[2],data_display & 0xffff,data_display >>16,registre_adc);
          ^
../src/init_xspips_ADC.c:169:10: warning: incompatible implicit declaration of built-in function 'printf'
../src/init_xspips_ADC.c:169:10: warning: format '%X' expects argument of type 'unsigned int', but argument 6 has type 'unsigned int *' [-Wformat=]
../src/init_xspips_ADC.c: In function 'SendADCData':
../src/init_xspips_ADC.c:193:20: warning: assignment makes pointer from integer without a cast
     state_register = UUB_STATE_REGISTER;
                    ^
../src/init_xspips_ADC.c:197:21: warning: assignment makes pointer from integer without a cast
        registre_adc = XPAR_INTERFACE_UUB_0_S00_AXI_BASEADDR;
                     ^
../src/init_xspips_ADC.c:201:10: warning: incompatible implicit declaration of built-in function 'printf'
          printf( " Cha. A = %5D, Cha. B = %5D",data_display & 0xffff,data_display >>16);
          ^
../src/init_xspips_ADC.c:201:10: warning: unknown conversion type character ',' in format [-Wformat=]
../src/init_xspips_ADC.c:201:10: warning: conversion lacks type at end of format [-Wformat=]
../src/init_xspips_ADC.c:201:10: warning: too many arguments for format [-Wformat-extra-args]
../src/init_xspips_ADC.c: At top level:
../src/init_xspips_ADC.c:46:12: warning: 'cmdchannelB' defined but not used [-Wunused-variable]
  static u8 cmdchannelB[3] = {0x00,0x05,0x02}; // Select the channel B for previous cmd
            ^
../src/init_xspips_ADC.c:48:12: warning: 'TestModeFS' defined but not used [-Wunused-variable]
  static u8 TestModeFS[3]  = {0x00,0x0D,0x02}; // ADC Test Mode Full Scale
            ^
'Finished building: ../src/init_xspips_ADC.c'
' '
'Building file: ../src/init_xspips_DAC.c'
'Invoking: ARM gcc compiler'
arm-xilinx-eabi-gcc -Wall -O0 -g3 -c -fmessage-length=0 -MT"src/init_xspips_DAC.o" -I../../standalone_bsp_1/ps7_cortexa9_0/include -MMD -MP -MF"src/init_xspips_DAC.d" -MT"src/init_xspips_DAC.d" -o "src/init_xspips_DAC.o" "../src/init_xspips_DAC.c"
../src/init_xspips_DAC.c: In function 'TstDac7551':
../src/init_xspips_DAC.c:98:19: warning: assignment makes pointer from integer without a cast
    state_register = UUB_STATE_REGISTER;
                   ^
'Finished building: ../src/init_xspips_DAC.c'
' '
'Building file: ../src/memorytest.c'
'Invoking: ARM gcc compiler'
arm-xilinx-eabi-gcc -Wall -O0 -g3 -c -fmessage-length=0 -MT"src/memorytest.o" -I../../standalone_bsp_1/ps7_cortexa9_0/include -MMD -MP -MF"src/memorytest.d" -MT"src/memorytest.d" -o "src/memorytest.o" "../src/memorytest.c"
../src/memorytest.c: In function 'test_memory_range':
../src/memorytest.c:82:2: warning: implicit declaration of function 'print' [-Wimplicit-function-declaration]
  print("\n\r   Testing memory region: ");   print(range->name);
  ^
../src/memorytest.c:84:2: warning: implicit declaration of function 'putnum' [-Wimplicit-function-declaration]
  print("\n\r            Base Address: 0x"); putnum(range->base);
  ^
'Finished building: ../src/memorytest.c'
' '
'Building file: ../src/testperiph.c'
'Invoking: ARM gcc compiler'
arm-xilinx-eabi-gcc -Wall -O0 -g3 -c -fmessage-length=0 -MT"src/testperiph.o" -I../../standalone_bsp_1/ps7_cortexa9_0/include -MMD -MP -MF"src/testperiph.d" -MT"src/testperiph.d" -o "src/testperiph.o" "../src/testperiph.c"
../src/testperiph.c: In function 'main':
../src/testperiph.c:78:23: warning: assignment makes pointer from integer without a cast
        state_register = UUB_STATE_REGISTER; // state register in test_uub module     
                       ^
../src/testperiph.c:206:7: warning: implicit declaration of function 'IicPsInitClockGenerator' [-Wimplicit-function-declaration]
       Status = IicPsInitClockGenerator(XPAR_PS7_I2C_1_DEVICE_ID);
       ^
../src/testperiph.c:216:8: warning: implicit declaration of function 'SpiPs_Init_SPI' [-Wimplicit-function-declaration]
        Status = SpiPs_Init_SPI(XPAR_PS7_SPI_0_DEVICE_ID, 0);
        ^
../src/testperiph.c:222:8: warning: implicit declaration of function 'SpiPs_Init_SPI_DAC' [-Wimplicit-function-declaration]
        Status = SpiPs_Init_SPI_DAC(XPAR_PS7_SPI_1_DEVICE_ID, tst_enable);
        ^
../src/testperiph.c:230:8: warning: implicit declaration of function 'IicPsInitI2C0' [-Wimplicit-function-declaration]
        Status = IicPsInitI2C0(XPAR_PS7_I2C_0_DEVICE_ID);
        ^
../src/testperiph.c:269:20: warning: assignment makes pointer from integer without a cast
     state_register = UUB_STATE_REGISTER;
                    ^
../src/testperiph.c:281:18: warning: assignment makes pointer from integer without a cast
     test_trigger = UUB_TEST_TRIG_REG;
                  ^
../src/testperiph.c: In function 'SendSyncADCData':
../src/testperiph.c:346:2: warning: control reaches end of non-void function [-Wreturn-type]
  }
  ^
'Finished building: ../src/testperiph.c'
' '
'Building file: ../src/xdevcfg_selftest_example.c'
'Invoking: ARM gcc compiler'
arm-xilinx-eabi-gcc -Wall -O0 -g3 -c -fmessage-length=0 -MT"src/xdevcfg_selftest_example.o" -I../../standalone_bsp_1/ps7_cortexa9_0/include -MMD -MP -MF"src/xdevcfg_selftest_example.d" -MT"src/xdevcfg_selftest_example.d" -o "src/xdevcfg_selftest_example.o" "../src/xdevcfg_selftest_example.c"
'Finished building: ../src/xdevcfg_selftest_example.c'
' '
'Building file: ../src/xdmaps_example_w_intr.c'
'Invoking: ARM gcc compiler'
arm-xilinx-eabi-gcc -Wall -O0 -g3 -c -fmessage-length=0 -MT"src/xdmaps_example_w_intr.o" -I../../standalone_bsp_1/ps7_cortexa9_0/include -MMD -MP -MF"src/xdmaps_example_w_intr.d" -MT"src/xdmaps_example_w_intr.d" -o "src/xdmaps_example_w_intr.o" "../src/xdmaps_example_w_intr.c"
'Finished building: ../src/xdmaps_example_w_intr.c'
' '
'Building file: ../src/xemacps_example_intr_dma.c'
'Invoking: ARM gcc compiler'
arm-xilinx-eabi-gcc -Wall -O0 -g3 -c -fmessage-length=0 -MT"src/xemacps_example_intr_dma.o" -I../../standalone_bsp_1/ps7_cortexa9_0/include -MMD -MP -MF"src/xemacps_example_intr_dma.d" -MT"src/xemacps_example_intr_dma.d" -o "src/xemacps_example_intr_dma.o" "../src/xemacps_example_intr_dma.c"
'Finished building: ../src/xemacps_example_intr_dma.c'
' '
'Building file: ../src/xemacps_example_util.c'
'Invoking: ARM gcc compiler'
arm-xilinx-eabi-gcc -Wall -O0 -g3 -c -fmessage-length=0 -MT"src/xemacps_example_util.o" -I../../standalone_bsp_1/ps7_cortexa9_0/include -MMD -MP -MF"src/xemacps_example_util.d" -MT"src/xemacps_example_util.d" -o "src/xemacps_example_util.o" "../src/xemacps_example_util.c"
'Finished building: ../src/xemacps_example_util.c'
' '
'Building file: ../src/xiicps_selftest_example.c'
'Invoking: ARM gcc compiler'
arm-xilinx-eabi-gcc -Wall -O0 -g3 -c -fmessage-length=0 -MT"src/xiicps_selftest_example.o" -I../../standalone_bsp_1/ps7_cortexa9_0/include -MMD -MP -MF"src/xiicps_selftest_example.d" -MT"src/xiicps_selftest_example.d" -o "src/xiicps_selftest_example.o" "../src/xiicps_selftest_example.c"
'Finished building: ../src/xiicps_selftest_example.c'
' '
'Building file: ../src/xqspips_selftest_example.c'
'Invoking: ARM gcc compiler'
arm-xilinx-eabi-gcc -Wall -O0 -g3 -c -fmessage-length=0 -MT"src/xqspips_selftest_example.o" -I../../standalone_bsp_1/ps7_cortexa9_0/include -MMD -MP -MF"src/xqspips_selftest_example.d" -MT"src/xqspips_selftest_example.d" -o "src/xqspips_selftest_example.o" "../src/xqspips_selftest_example.c"
'Finished building: ../src/xqspips_selftest_example.c'
' '
'Building file: ../src/xscugic_tapp_example.c'
'Invoking: ARM gcc compiler'
arm-xilinx-eabi-gcc -Wall -O0 -g3 -c -fmessage-length=0 -MT"src/xscugic_tapp_example.o" -I../../standalone_bsp_1/ps7_cortexa9_0/include -MMD -MP -MF"src/xscugic_tapp_example.d" -MT"src/xscugic_tapp_example.d" -o "src/xscugic_tapp_example.o" "../src/xscugic_tapp_example.c"
'Finished building: ../src/xscugic_tapp_example.c'
' '
'Building file: ../src/xscutimer_intr_example.c'
'Invoking: ARM gcc compiler'
arm-xilinx-eabi-gcc -Wall -O0 -g3 -c -fmessage-length=0 -MT"src/xscutimer_intr_example.o" -I../../standalone_bsp_1/ps7_cortexa9_0/include -MMD -MP -MF"src/xscutimer_intr_example.d" -MT"src/xscutimer_intr_example.d" -o "src/xscutimer_intr_example.o" "../src/xscutimer_intr_example.c"
'Finished building: ../src/xscutimer_intr_example.c'
' '
'Building file: ../src/xscutimer_polled_example.c'
'Invoking: ARM gcc compiler'
arm-xilinx-eabi-gcc -Wall -O0 -g3 -c -fmessage-length=0 -MT"src/xscutimer_polled_example.o" -I../../standalone_bsp_1/ps7_cortexa9_0/include -MMD -MP -MF"src/xscutimer_polled_example.d" -MT"src/xscutimer_polled_example.d" -o "src/xscutimer_polled_example.o" "../src/xscutimer_polled_example.c"
'Finished building: ../src/xscutimer_polled_example.c'
' '
'Building file: ../src/xscuwdt_intr_example.c'
'Invoking: ARM gcc compiler'
arm-xilinx-eabi-gcc -Wall -O0 -g3 -c -fmessage-length=0 -MT"src/xscuwdt_intr_example.o" -I../../standalone_bsp_1/ps7_cortexa9_0/include -MMD -MP -MF"src/xscuwdt_intr_example.d" -MT"src/xscuwdt_intr_example.d" -o "src/xscuwdt_intr_example.o" "../src/xscuwdt_intr_example.c"
'Finished building: ../src/xscuwdt_intr_example.c'
' '
'Building file: ../src/xspips_selftest_example.c'
'Invoking: ARM gcc compiler'
arm-xilinx-eabi-gcc -Wall -O0 -g3 -c -fmessage-length=0 -MT"src/xspips_selftest_example.o" -I../../standalone_bsp_1/ps7_cortexa9_0/include -MMD -MP -MF"src/xspips_selftest_example.d" -MT"src/xspips_selftest_example.d" -o "src/xspips_selftest_example.o" "../src/xspips_selftest_example.c"
'Finished building: ../src/xspips_selftest_example.c'
' '
'Building file: ../src/xuartlite_selftest_example.c'
'Invoking: ARM gcc compiler'
arm-xilinx-eabi-gcc -Wall -O0 -g3 -c -fmessage-length=0 -MT"src/xuartlite_selftest_example.o" -I../../standalone_bsp_1/ps7_cortexa9_0/include -MMD -MP -MF"src/xuartlite_selftest_example.d" -MT"src/xuartlite_selftest_example.d" -o "src/xuartlite_selftest_example.o" "../src/xuartlite_selftest_example.c"
'Finished building: ../src/xuartlite_selftest_example.c'
' '
'Building file: ../src/xuartps_intr_example.c'
'Invoking: ARM gcc compiler'
arm-xilinx-eabi-gcc -Wall -O0 -g3 -c -fmessage-length=0 -MT"src/xuartps_intr_example.o" -I../../standalone_bsp_1/ps7_cortexa9_0/include -MMD -MP -MF"src/xuartps_intr_example.d" -MT"src/xuartps_intr_example.d" -o "src/xuartps_intr_example.o" "../src/xuartps_intr_example.c"
'Finished building: ../src/xuartps_intr_example.c'
' '
'Building file: ../src/xuartps_polled_example.c'
'Invoking: ARM gcc compiler'
arm-xilinx-eabi-gcc -Wall -O0 -g3 -c -fmessage-length=0 -MT"src/xuartps_polled_example.o" -I../../standalone_bsp_1/ps7_cortexa9_0/include -MMD -MP -MF"src/xuartps_polled_example.d" -MT"src/xuartps_polled_example.d" -o "src/xuartps_polled_example.o" "../src/xuartps_polled_example.c"
'Finished building: ../src/xuartps_polled_example.c'
' '
'Building target: test_periph.elf'
'Invoking: ARM gcc linker'
arm-xilinx-eabi-gcc -Wl,-T -Wl,../src/lscript.ld -L../../standalone_bsp_1/ps7_cortexa9_0/lib -o "test_periph.elf"  ./src/init_xiicps_clock_generator.o ./src/init_xiicps_slow_led.o ./src/init_xspips_ADC.o ./src/init_xspips_DAC.o ./src/memorytest.o ./src/testperiph.o ./src/xdevcfg_selftest_example.o ./src/xdmaps_example_w_intr.o ./src/xemacps_example_intr_dma.o ./src/xemacps_example_util.o ./src/xiicps_selftest_example.o ./src/xqspips_selftest_example.o ./src/xscugic_tapp_example.o ./src/xscutimer_intr_example.o ./src/xscutimer_polled_example.o ./src/xscuwdt_intr_example.o ./src/xspips_selftest_example.o ./src/xuartlite_selftest_example.o ./src/xuartps_intr_example.o ./src/xuartps_polled_example.o   -Wl,--start-group,-lxil,-lgcc,-lc,--end-group -Wl,--start-group,-lrsa,-lxil,-lgcc,-lc,--end-group
'Finished building target: test_periph.elf'
' '
'Invoking: ARM Print Size'
arm-xilinx-eabi-size test_periph.elf  |tee "test_periph.elf.size"
   text	   data	    bss	    dec	    hex	filename
 134308	   5072	  25744	 165124	  28504	test_periph.elf
'Finished building: test_periph.elf.size'
' '

06:04:53 Build Finished (took 7s.899ms)

