12:45:46 **** Auto Build of configuration Debug for project uub_init ****
make all 
'Building file: ../src/uub_init.c'
'Invoking: ARM Linux gcc compiler'
arm-xilinx-linux-gnueabi-gcc -Wall -O0 -g3 -c -fmessage-length=0 -MT"src/uub_init.o" -MMD -MP -MF"src/uub_init.d" -MT"src/uub_init.d" -o "src/uub_init.o" "../src/uub_init.c"
../src/uub_init.c: In function 'main':
../src/uub_init.c:283:1: warning: control reaches end of non-void function [-Wreturn-type]
 }
 ^
'Finished building: ../src/uub_init.c'
' '
'Building target: uub_init.elf'
'Invoking: ARM Linux gcc linker'
arm-xilinx-linux-gnueabi-gcc  -o "uub_init.elf"  ./src/uub_init.o   
'Finished building target: uub_init.elf'
' '
'Invoking: ARM Linux Print Size'
arm-xilinx-linux-gnueabi-size uub_init.elf  |tee "uub_init.elf.size"
   text	   data	    bss	    dec	    hex	filename
   3120	   1992	     20	   5132	   140c	uub_init.elf
'Finished building: uub_init.elf.size'
' '

12:45:47 Build Finished (took 1s.50ms)

