09:33:50 **** Auto Build of configuration Debug for project WP1_ADC ****
make all 
'Building file: ../src/ADC_run.c'
'Invoking: ARM gcc compiler'
arm-xilinx-eabi-gcc -Wall -O0 -g3 -c -fmessage-length=0 -MT"src/ADC_run.o" -I../../standalone_bsp_1/ps7_cortexa9_0/include -MMD -MP -MF"src/ADC_run.d" -MT"src/ADC_run.d" -o "src/ADC_run.o" "../src/ADC_run.c"
../src/ADC_run.c:53:2: warning: data definition has no type or storage class
  dac_led1 = 230;//valore canale 1 dac led
  ^
../src/ADC_run.c:53:2: warning: type defaults to 'int' in declaration of 'dac_led1' [-Wimplicit-int]
../src/ADC_run.c:54:2: warning: data definition has no type or storage class
  dac_led3 = 180;//valore canale 3 dac led
  ^
../src/ADC_run.c:54:2: warning: type defaults to 'int' in declaration of 'dac_led3' [-Wimplicit-int]
../src/ADC_run.c:57:2: warning: data definition has no type or storage class
  dac_led2 = 400;//valore canale 2 dac led
  ^
../src/ADC_run.c:57:2: warning: type defaults to 'int' in declaration of 'dac_led2' [-Wimplicit-int]
../src/ADC_run.c:58:2: warning: data definition has no type or storage class
  dac_led4 = 400;//valore canale 4 dac led
  ^
../src/ADC_run.c:58:2: warning: type defaults to 'int' in declaration of 'dac_led4' [-Wimplicit-int]
../src/ADC_run.c:60:2: warning: data definition has no type or storage class
  hv = 1100; //high voltage... volts
  ^
../src/ADC_run.c:60:2: warning: type defaults to 'int' in declaration of 'hv' [-Wimplicit-int]
../src/ADC_run.c: In function 'main':
../src/ADC_run.c:92:7: warning: implicit declaration of function 'IicPsInitClockGenerator' [-Wimplicit-function-declaration]
       Status = IicPsInitClockGenerator(XPAR_PS7_I2C_1_DEVICE_ID);
       ^
../src/ADC_run.c:102:8: warning: implicit declaration of function 'SpiPs_Init_SPI' [-Wimplicit-function-declaration]
        Status = SpiPs_Init_SPI(XPAR_PS7_SPI_0_DEVICE_ID, 0);
        ^
../src/ADC_run.c:108:8: warning: implicit declaration of function 'IicPsInitI2C0' [-Wimplicit-function-declaration]
        Status = IicPsInitI2C0(XPAR_PS7_I2C_0_DEVICE_ID);
        ^
../src/ADC_run.c:86:11: warning: unused variable 'tst_enable' [-Wunused-variable]
       int tst_enable ;
           ^
../src/ADC_run.c:175:11: warning: assignment makes pointer from integer without a cast
  int_trig = 0x41200000;
           ^
../src/ADC_run.c:176:11: warning: assignment makes pointer from integer without a cast
     bram0 = 0x42000320; // ADC 1
           ^
../src/ADC_run.c:177:11: warning: assignment makes pointer from integer without a cast
     bram1 = 0x44000320; // ADC 2
           ^
../src/ADC_run.c:178:11: warning: assignment makes pointer from integer without a cast
     bram2 = 0x46000320; // ADC 3
           ^
../src/ADC_run.c:179:11: warning: assignment makes pointer from integer without a cast
     bram3 = 0x48000320; // ADC 4
           ^
../src/ADC_run.c:180:11: warning: assignment makes pointer from integer without a cast
     bram4 = 0x4A000320; // ADC 5
           ^
../src/ADC_run.c:226:5: warning: pointer targets in passing argument 2 of 'XUartLite_Send' differ in signedness [-Wpointer-sign]
     XUartLite_Send(&UartLite,"UUB",3);// invio header trasmissione seriale su AXI UART
     ^
In file included from ../src/ADC_run.c:29:0:
../../standalone_bsp_1/ps7_cortexa9_0/include/xuartlite.h:242:14: note: expected 'u8 *' but argument is of type 'char *'
 unsigned int XUartLite_Send(XUartLite *InstancePtr, u8 *DataBufferPtr,
              ^
../src/ADC_run.c:255:9: warning: passing argument 2 of 'XUartLite_Send' from incompatible pointer type
         XUartLite_Send(&UartLite,&y,2);
         ^
In file included from ../src/ADC_run.c:29:0:
../../standalone_bsp_1/ps7_cortexa9_0/include/xuartlite.h:242:14: note: expected 'u8 *' but argument is of type 'int *'
 unsigned int XUartLite_Send(XUartLite *InstancePtr, u8 *DataBufferPtr,
              ^
../src/ADC_run.c:257:12: warning: passing argument 2 of 'XUartLite_Send' from incompatible pointer type
            XUartLite_Send(&UartLite,&ADC0B,2);
            ^
In file included from ../src/ADC_run.c:29:0:
../../standalone_bsp_1/ps7_cortexa9_0/include/xuartlite.h:242:14: note: expected 'u8 *' but argument is of type 'int *'
 unsigned int XUartLite_Send(XUartLite *InstancePtr, u8 *DataBufferPtr,
              ^
../src/ADC_run.c:260:12: warning: passing argument 2 of 'XUartLite_Send' from incompatible pointer type
            XUartLite_Send(&UartLite,&x,2);
            ^
In file included from ../src/ADC_run.c:29:0:
../../standalone_bsp_1/ps7_cortexa9_0/include/xuartlite.h:242:14: note: expected 'u8 *' but argument is of type 'int *'
 unsigned int XUartLite_Send(XUartLite *InstancePtr, u8 *DataBufferPtr,
              ^
../src/ADC_run.c:262:12: warning: passing argument 2 of 'XUartLite_Send' from incompatible pointer type
            XUartLite_Send(&UartLite,&ADC1B,2);
            ^
In file included from ../src/ADC_run.c:29:0:
../../standalone_bsp_1/ps7_cortexa9_0/include/xuartlite.h:242:14: note: expected 'u8 *' but argument is of type 'int *'
 unsigned int XUartLite_Send(XUartLite *InstancePtr, u8 *DataBufferPtr,
              ^
../src/ADC_run.c:265:12: warning: passing argument 2 of 'XUartLite_Send' from incompatible pointer type
            XUartLite_Send(&UartLite,&z,2);
            ^
In file included from ../src/ADC_run.c:29:0:
../../standalone_bsp_1/ps7_cortexa9_0/include/xuartlite.h:242:14: note: expected 'u8 *' but argument is of type 'int *'
 unsigned int XUartLite_Send(XUartLite *InstancePtr, u8 *DataBufferPtr,
              ^
../src/ADC_run.c:267:12: warning: passing argument 2 of 'XUartLite_Send' from incompatible pointer type
            XUartLite_Send(&UartLite,&ADC2B,2);
            ^
In file included from ../src/ADC_run.c:29:0:
../../standalone_bsp_1/ps7_cortexa9_0/include/xuartlite.h:242:14: note: expected 'u8 *' but argument is of type 'int *'
 unsigned int XUartLite_Send(XUartLite *InstancePtr, u8 *DataBufferPtr,
              ^
../src/ADC_run.c:174:93: warning: variable 'data_trig' set but not used [-Wunused-but-set-variable]
  int w, z, x, y,j ,h, ADC0A, ADC0B, ADC1A, ADC1B, ADC2A, ADC2B, ADC3A, ADC3B, ADC4A, ADC4B, data_trig;
                                                                                             ^
../src/ADC_run.c:174:86: warning: variable 'ADC4B' set but not used [-Wunused-but-set-variable]
  int w, z, x, y,j ,h, ADC0A, ADC0B, ADC1A, ADC1B, ADC2A, ADC2B, ADC3A, ADC3B, ADC4A, ADC4B, data_trig;
                                                                                      ^
../src/ADC_run.c:174:72: warning: variable 'ADC3B' set but not used [-Wunused-but-set-variable]
  int w, z, x, y,j ,h, ADC0A, ADC0B, ADC1A, ADC1B, ADC2A, ADC2B, ADC3A, ADC3B, ADC4A, ADC4B, data_trig;
                                                                        ^
../src/ADC_run.c:174:20: warning: variable 'h' set but not used [-Wunused-but-set-variable]
  int w, z, x, y,j ,h, ADC0A, ADC0B, ADC1A, ADC1B, ADC2A, ADC2B, ADC3A, ADC3B, ADC4A, ADC4B, data_trig;
                    ^
../src/ADC_run.c:174:17: warning: variable 'j' set but not used [-Wunused-but-set-variable]
  int w, z, x, y,j ,h, ADC0A, ADC0B, ADC1A, ADC1B, ADC2A, ADC2B, ADC3A, ADC3B, ADC4A, ADC4B, data_trig;
                 ^
../src/ADC_run.c:173:67: warning: unused variable 'stop_trig' [-Wunused-variable]
  unsigned int *bram0, *bram1, *bram2, *bram3, *bram4, *int_trig, *stop_trig;
                                                                   ^
../src/ADC_run.c:71:16: warning: unused variable 'i' [-Wunused-variable]
     int Status,i;
                ^
../src/ADC_run.c:68:20: warning: unused variable 'ps7_uart_0' [-Wunused-variable]
     static XUartPs ps7_uart_0;
                    ^
../src/ADC_run.c:67:20: warning: unused variable 'ps7_scuwdt_0' [-Wunused-variable]
     static XScuWdt ps7_scuwdt_0;
                    ^
../src/ADC_run.c:66:22: warning: unused variable 'ps7_scutimer_0' [-Wunused-variable]
     static XScuTimer ps7_scutimer_0;
                      ^
../src/ADC_run.c:65:20: warning: unused variable 'ps7_ethernet_0' [-Wunused-variable]
     static XEmacPs ps7_ethernet_0;
                    ^
../src/ADC_run.c:64:20: warning: unused variable 'intc' [-Wunused-variable]
     static XScuGic intc;
                    ^
../src/ADC_run.c: In function 'led_controller_setting':
../src/ADC_run.c:325:7: warning: unused variable 'Index' [-Wunused-variable]
   int Index;
       ^
../src/ADC_run.c: In function 'hv_voltage_setting':
../src/ADC_run.c:390:8: warning: unused variable 'Index' [-Wunused-variable]
    int Index;
        ^
'Finished building: ../src/ADC_run.c'
' '
'Building target: WP1_ADC.elf'
'Invoking: ARM gcc linker'
arm-xilinx-eabi-gcc -Wl,-T -Wl,../src/lscript.ld -L../../standalone_bsp_1/ps7_cortexa9_0/lib -o "WP1_ADC.elf"  ./src/ADC_run.o ./src/init_xiicps_clock_generator.o ./src/init_xiicps_slow_led.o ./src/init_xspips_ADC.o ./src/init_xspips_DAC.o ./src/memorytest.o ./src/xdevcfg_selftest_example.o ./src/xdmaps_example_w_intr.o ./src/xemacps_example_intr_dma.o ./src/xemacps_example_util.o ./src/xiicps_selftest_example.o ./src/xqspips_selftest_example.o ./src/xscugic_tapp_example.o ./src/xscutimer_intr_example.o ./src/xscutimer_polled_example.o ./src/xscuwdt_intr_example.o ./src/xspips_selftest_example.o ./src/xuartlite_selftest_example.o ./src/xuartps_intr_example.o ./src/xuartps_polled_example.o   -Wl,--start-group,-lxil,-lgcc,-lc,--end-group
'Finished building target: WP1_ADC.elf'
' '
'Invoking: ARM Print Size'
arm-xilinx-eabi-size WP1_ADC.elf  |tee "WP1_ADC.elf.size"
   text	   data	    bss	    dec	    hex	filename
 132684	   5112	  25872	 163668	  27f54	WP1_ADC.elf
'Finished building: WP1_ADC.elf.size'
' '

09:33:53 Build Finished (took 2s.763ms)

